[task6] llamaindex:bm25 multi_fact_wifi: recall@5=1.000 mrr=1.000 forbidden=0 total_ms=2218.4
[task6] llamaindex:bm25 exact_identifier_ap50: recall@5=1.000 mrr=1.000 forbidden=0 total_ms=1043.4
[task6] llamaindex:bm25 semantic_travel_connectivity: recall@5=1.000 mrr=1.000 forbidden=0 total_ms=809.9
[task6] llamaindex:bm25 obsolete_source_trap: recall@5=1.000 mrr=0.500 forbidden=0 total_ms=913.4
[task6] llamaindex:bm25 version_change_wifi_limit: recall@5=1.000 mrr=1.000 forbidden=0 total_ms=1047.4
[task6] llamaindex:ollama_dense multi_fact_wifi: recall@5=1.000 mrr=1.000 forbidden=0 total_ms=3034.1
[task6] llamaindex:ollama_dense exact_identifier_ap50: recall@5=1.000 mrr=1.000 forbidden=0 total_ms=708.6
[task6] llamaindex:ollama_dense semantic_travel_connectivity: recall@5=1.000 mrr=1.000 forbidden=0 total_ms=859.8
[task6] llamaindex:ollama_dense obsolete_source_trap: recall@5=1.000 mrr=0.500 forbidden=0 total_ms=919.4
[task6] llamaindex:ollama_dense version_change_wifi_limit: recall@5=1.000 mrr=1.000 forbidden=0 total_ms=1058.8
[task6] haystack:bm25 multi_fact_wifi: recall@5=1.000 mrr=1.000 forbidden=0 total_ms=1886.2
[task6] haystack:bm25 exact_identifier_ap50: recall@5=1.000 mrr=1.000 forbidden=0 total_ms=1077.7
[task6] haystack:bm25 semantic_travel_connectivity: recall@5=1.000 mrr=1.000 forbidden=0 total_ms=1025.9
[task6] haystack:bm25 obsolete_source_trap: recall@5=1.000 mrr=0.333 forbidden=0 total_ms=1048.4
[task6] haystack:bm25 version_change_wifi_limit: recall@5=1.000 mrr=1.000 forbidden=0 total_ms=909.8
[task6] haystack:ollama_dense multi_fact_wifi: recall@5=1.000 mrr=1.000 forbidden=0 total_ms=3119.8
[task6] haystack:ollama_dense exact_identifier_ap50: recall@5=1.000 mrr=1.000 forbidden=0 total_ms=723.0
[task6] haystack:ollama_dense semantic_travel_connectivity: recall@5=1.000 mrr=1.000 forbidden=0 total_ms=905.5
[task6] haystack:ollama_dense obsolete_source_trap: recall@5=1.000 mrr=0.500 forbidden=0 total_ms=1082.9
[task6] haystack:ollama_dense version_change_wifi_limit: recall@5=1.000 mrr=1.000 forbidden=0 total_ms=974.7
