[task6] llamaindex:bm25 multi_fact_wifi: recall@5=1.000 mrr=1.000 forbidden=0 total_ms=2246.1
[task6] llamaindex:bm25 exact_identifier_ap50: recall@5=1.000 mrr=1.000 forbidden=0 total_ms=1057.2
[task6] llamaindex:bm25 semantic_travel_connectivity: recall@5=1.000 mrr=1.000 forbidden=0 total_ms=805.6
[task6] llamaindex:bm25 obsolete_source_trap: recall@5=1.000 mrr=0.500 forbidden=0 total_ms=1044.9
[task6] llamaindex:bm25 version_change_wifi_limit: recall@5=1.000 mrr=1.000 forbidden=0 total_ms=1047.7
[task6] llamaindex:ollama_dense multi_fact_wifi: recall@5=1.000 mrr=1.000 forbidden=0 total_ms=3070.5
[task6] llamaindex:ollama_dense exact_identifier_ap50: recall@5=1.000 mrr=1.000 forbidden=0 total_ms=1513.9
[task6] llamaindex:ollama_dense semantic_travel_connectivity: recall@5=1.000 mrr=1.000 forbidden=0 total_ms=869.7
[task6] llamaindex:ollama_dense obsolete_source_trap: recall@5=1.000 mrr=0.500 forbidden=0 total_ms=929.6
[task6] llamaindex:ollama_dense version_change_wifi_limit: recall@5=1.000 mrr=1.000 forbidden=0 total_ms=1073.7
[task6] haystack:bm25 multi_fact_wifi: recall@5=1.000 mrr=1.000 forbidden=0 total_ms=1893.6
[task6] haystack:bm25 exact_identifier_ap50: recall@5=1.000 mrr=1.000 forbidden=0 total_ms=1060.5
[task6] haystack:bm25 semantic_travel_connectivity: recall@5=1.000 mrr=1.000 forbidden=0 total_ms=1027.4
[task6] haystack:bm25 obsolete_source_trap: recall@5=1.000 mrr=0.333 forbidden=0 total_ms=1049.9
[task6] haystack:bm25 version_change_wifi_limit: recall@5=1.000 mrr=1.000 forbidden=0 total_ms=905.2
[task6] haystack:ollama_dense multi_fact_wifi: recall@5=1.000 mrr=1.000 forbidden=0 total_ms=3063.0
[task6] haystack:ollama_dense exact_identifier_ap50: recall@5=1.000 mrr=1.000 forbidden=0 total_ms=711.4
[task6] haystack:ollama_dense semantic_travel_connectivity: recall@5=1.000 mrr=1.000 forbidden=0 total_ms=879.6
[task6] haystack:ollama_dense obsolete_source_trap: recall@5=1.000 mrr=0.500 forbidden=0 total_ms=1073.0
[task6] haystack:ollama_dense version_change_wifi_limit: recall@5=1.000 mrr=1.000 forbidden=0 total_ms=929.5
