[task6] llamaindex:bm25 multi_fact_wifi: recall@5=1.000 mrr=1.000 forbidden=0 total_ms=2237.8
[task6] llamaindex:bm25 exact_identifier_ap50: recall@5=1.000 mrr=1.000 forbidden=0 total_ms=1051.5
[task6] llamaindex:bm25 semantic_travel_connectivity: recall@5=1.000 mrr=1.000 forbidden=0 total_ms=803.5
[task6] llamaindex:bm25 obsolete_source_trap: recall@5=1.000 mrr=0.500 forbidden=0 total_ms=1047.7
[task6] llamaindex:bm25 version_change_wifi_limit: recall@5=1.000 mrr=1.000 forbidden=0 total_ms=1044.5
[task6] llamaindex:ollama_dense multi_fact_wifi: recall@5=1.000 mrr=1.000 forbidden=0 total_ms=3039.9
[task6] llamaindex:ollama_dense exact_identifier_ap50: recall@5=1.000 mrr=1.000 forbidden=0 total_ms=1502.2
[task6] llamaindex:ollama_dense semantic_travel_connectivity: recall@5=1.000 mrr=1.000 forbidden=0 total_ms=869.7
[task6] llamaindex:ollama_dense obsolete_source_trap: recall@5=1.000 mrr=0.500 forbidden=0 total_ms=924.2
[task6] llamaindex:ollama_dense version_change_wifi_limit: recall@5=1.000 mrr=1.000 forbidden=0 total_ms=1064.8
[task6] haystack:bm25 multi_fact_wifi: recall@5=1.000 mrr=1.000 forbidden=0 total_ms=1845.3
[task6] haystack:bm25 exact_identifier_ap50: recall@5=1.000 mrr=1.000 forbidden=0 total_ms=1053.8
[task6] haystack:bm25 semantic_travel_connectivity: recall@5=1.000 mrr=1.000 forbidden=0 total_ms=1023.2
[task6] haystack:bm25 obsolete_source_trap: recall@5=1.000 mrr=0.333 forbidden=0 total_ms=1044.5
[task6] haystack:bm25 version_change_wifi_limit: recall@5=1.000 mrr=1.000 forbidden=0 total_ms=901.8
[task6] haystack:ollama_dense multi_fact_wifi: recall@5=1.000 mrr=1.000 forbidden=0 total_ms=3031.7
[task6] haystack:ollama_dense exact_identifier_ap50: recall@5=1.000 mrr=1.000 forbidden=0 total_ms=705.0
[task6] haystack:ollama_dense semantic_travel_connectivity: recall@5=1.000 mrr=1.000 forbidden=0 total_ms=876.5
[task6] haystack:ollama_dense obsolete_source_trap: recall@5=1.000 mrr=0.500 forbidden=0 total_ms=1065.6
[task6] haystack:ollama_dense version_change_wifi_limit: recall@5=1.000 mrr=1.000 forbidden=0 total_ms=923.6
