[task6] llamaindex:bm25 multi_fact_wifi: recall@5=1.000 mrr=1.000 forbidden=0 total_ms=2277.2
[task6] llamaindex:bm25 exact_identifier_ap50: recall@5=1.000 mrr=1.000 forbidden=0 total_ms=1104.8
[task6] llamaindex:bm25 semantic_travel_connectivity: recall@5=1.000 mrr=1.000 forbidden=0 total_ms=836.7
[task6] llamaindex:bm25 obsolete_source_trap: recall@5=1.000 mrr=0.500 forbidden=0 total_ms=1111.5
[task6] llamaindex:bm25 version_change_wifi_limit: recall@5=1.000 mrr=1.000 forbidden=0 total_ms=1056.2
[task6] llamaindex:ollama_dense multi_fact_wifi: recall@5=1.000 mrr=1.000 forbidden=0 total_ms=3129.4
[task6] llamaindex:ollama_dense exact_identifier_ap50: recall@5=1.000 mrr=1.000 forbidden=0 total_ms=1571.5
[task6] llamaindex:ollama_dense semantic_travel_connectivity: recall@5=1.000 mrr=1.000 forbidden=0 total_ms=897.3
[task6] llamaindex:ollama_dense obsolete_source_trap: recall@5=1.000 mrr=0.500 forbidden=0 total_ms=928.7
[task6] llamaindex:ollama_dense version_change_wifi_limit: recall@5=1.000 mrr=1.000 forbidden=0 total_ms=1066.8
[task6] haystack:bm25 multi_fact_wifi: recall@5=1.000 mrr=1.000 forbidden=0 total_ms=1863.7
[task6] haystack:bm25 exact_identifier_ap50: recall@5=1.000 mrr=1.000 forbidden=0 total_ms=1061.9
[task6] haystack:bm25 semantic_travel_connectivity: recall@5=1.000 mrr=1.000 forbidden=0 total_ms=1022.4
[task6] haystack:bm25 obsolete_source_trap: recall@5=1.000 mrr=0.333 forbidden=0 total_ms=1046.6
[task6] haystack:bm25 version_change_wifi_limit: recall@5=1.000 mrr=1.000 forbidden=0 total_ms=910.9
[task6] haystack:ollama_dense multi_fact_wifi: recall@5=1.000 mrr=1.000 forbidden=0 total_ms=3057.6
[task6] haystack:ollama_dense exact_identifier_ap50: recall@5=1.000 mrr=1.000 forbidden=0 total_ms=711.6
[task6] haystack:ollama_dense semantic_travel_connectivity: recall@5=1.000 mrr=1.000 forbidden=0 total_ms=879.3
[task6] haystack:ollama_dense obsolete_source_trap: recall@5=1.000 mrr=0.500 forbidden=0 total_ms=1143.6
[task6] haystack:ollama_dense version_change_wifi_limit: recall@5=1.000 mrr=1.000 forbidden=0 total_ms=970.6
