[task6] llamaindex:bm25 multi_fact_wifi: recall@5=1.000 mrr=1.000 forbidden=1 total_ms=1627.0
[task6] llamaindex:bm25 exact_identifier_ap50: recall@5=1.000 mrr=1.000 forbidden=1 total_ms=1144.9
[task6] llamaindex:bm25 semantic_travel_connectivity: recall@5=1.000 mrr=1.000 forbidden=1 total_ms=1150.0
[task6] llamaindex:bm25 obsolete_source_trap: recall@5=1.000 mrr=0.500 forbidden=1 total_ms=1887.6
[task6] llamaindex:bm25 version_change_wifi_limit: recall@5=1.000 mrr=1.000 forbidden=1 total_ms=2088.2
[task6] llamaindex:ollama_dense multi_fact_wifi: recall@5=1.000 mrr=1.000 forbidden=1 total_ms=1768.5
[task6] llamaindex:ollama_dense exact_identifier_ap50: recall@5=1.000 mrr=1.000 forbidden=1 total_ms=730.9
[task6] llamaindex:ollama_dense semantic_travel_connectivity: recall@5=1.000 mrr=1.000 forbidden=1 total_ms=1028.2
[task6] llamaindex:ollama_dense obsolete_source_trap: recall@5=1.000 mrr=0.500 forbidden=1 total_ms=1741.5
[task6] llamaindex:ollama_dense version_change_wifi_limit: recall@5=1.000 mrr=1.000 forbidden=1 total_ms=1197.8
[task6] haystack:bm25 multi_fact_wifi: recall@5=1.000 mrr=1.000 forbidden=1 total_ms=1933.9
[task6] haystack:bm25 exact_identifier_ap50: recall@5=1.000 mrr=1.000 forbidden=1 total_ms=1146.6
[task6] haystack:bm25 semantic_travel_connectivity: recall@5=1.000 mrr=1.000 forbidden=1 total_ms=1149.0
[task6] haystack:bm25 obsolete_source_trap: recall@5=1.000 mrr=0.333 forbidden=1 total_ms=1224.5
[task6] haystack:bm25 version_change_wifi_limit: recall@5=1.000 mrr=1.000 forbidden=1 total_ms=1014.0
[task6] haystack:ollama_dense multi_fact_wifi: recall@5=1.000 mrr=1.000 forbidden=1 total_ms=2144.2
[task6] haystack:ollama_dense exact_identifier_ap50: recall@5=1.000 mrr=1.000 forbidden=1 total_ms=739.0
[task6] haystack:ollama_dense semantic_travel_connectivity: recall@5=1.000 mrr=1.000 forbidden=1 total_ms=1044.0
[task6] haystack:ollama_dense obsolete_source_trap: recall@5=1.000 mrr=0.500 forbidden=1 total_ms=1240.9
[task6] haystack:ollama_dense version_change_wifi_limit: recall@5=1.000 mrr=1.000 forbidden=1 total_ms=1057.4
